{
  _type: 'element',
  tags: null,
  links: null,
  viewOf: 'marketplace',
  _stage: 'layouted',
  sourcePath: 'model.likec4',
  description: null,
  title: 'Marketplace — Containers',
  id: 'containers',
  autoLayout: {
    direction: 'TB',
  },
  hash: '5a7104c070011b2b42c3b02519d9a2fc7baf0a1f',
  bounds: {
    x: -10,
    y: -10,
    width: 2794,
    height: 2862,
  },
  nodes: [
    {
      id: 'buyer',
      parent: null,
      level: 0,
      children: [],
      inEdges: [],
      outEdges: [
        'cptd3g',
      ],
      title: 'Buyer',
      modelRef: 'buyer',
      shape: 'person',
      color: 'primary',
      style: {
        opacity: 15,
        size: 'md',
      },
      description: {
        txt: 'Покупатель',
      },
      tags: [],
      kind: 'actor',
      x: 924,
      y: 0,
      width: 320,
      height: 180,
      labelBBox: {
        x: 118,
        y: 63,
        width: 85,
        height: 48,
      },
    },
    {
      id: 'admin',
      parent: null,
      level: 0,
      children: [],
      inEdges: [],
      outEdges: [
        '24fg30',
      ],
      title: 'Admin',
      modelRef: 'admin',
      shape: 'person',
      color: 'primary',
      style: {
        opacity: 15,
        size: 'md',
      },
      description: {
        txt: 'Админ',
      },
      tags: [],
      kind: 'actor',
      x: 0,
      y: 334,
      width: 320,
      height: 180,
      labelBBox: {
        x: 129,
        y: 64,
        width: 63,
        height: 48,
      },
    },
    {
      id: 'seller',
      parent: null,
      level: 0,
      children: [],
      inEdges: [],
      outEdges: [
        '1nfu73o',
      ],
      title: 'Seller',
      modelRef: 'seller',
      shape: 'person',
      color: 'primary',
      style: {
        opacity: 15,
        size: 'md',
      },
      description: {
        txt: 'Продавец',
      },
      tags: [],
      kind: 'actor',
      x: 1354,
      y: 0,
      width: 320,
      height: 180,
      labelBBox: {
        x: 124,
        y: 63,
        width: 72,
        height: 48,
      },
    },
    {
      id: 'marketplace',
      parent: null,
      level: 0,
      children: [
        'marketplace.web_app',
        'marketplace.gateway',
        'marketplace.feed',
        'marketplace.user',
        'marketplace.order',
        'marketplace.goods',
        'marketplace.feed_db',
        'marketplace.user_db',
        'marketplace.order_db',
        'marketplace.payment',
        'marketplace.goods_db',
        'marketplace.payment_db',
        'marketplace.broker',
        'marketplace.notification',
        'marketplace.notification_db',
      ],
      inEdges: [
        'cptd3g',
        '24fg30',
        '1nfu73o',
      ],
      outEdges: [],
      title: 'Marketplace',
      modelRef: 'marketplace',
      shape: 'rectangle',
      color: 'secondary',
      style: {
        opacity: 15,
        size: 'md',
      },
      tags: [],
      kind: 'system',
      depth: 1,
      navigateTo: 'apiEdge',
      x: 358,
      y: 243,
      width: 2416,
      height: 2599,
      labelBBox: {
        x: 6,
        y: 0,
        width: 83,
        height: 15,
      },
    },
    {
      id: 'marketplace.web_app',
      parent: 'marketplace',
      level: 1,
      children: [],
      inEdges: [
        'cptd3g',
        '1nfu73o',
      ],
      outEdges: [
        '154vna4',
      ],
      title: 'web application',
      modelRef: 'marketplace.web_app',
      shape: 'rectangle',
      color: 'primary',
      style: {
        opacity: 15,
        size: 'md',
      },
      description: {
        txt: 'start point for users',
      },
      tags: [],
      kind: 'container',
      x: 1164,
      y: 302,
      width: 320,
      height: 180,
      labelBBox: {
        x: 88,
        y: 64,
        width: 144,
        height: 48,
      },
    },
    {
      id: 'marketplace.gateway',
      parent: 'marketplace',
      level: 1,
      children: [],
      inEdges: [
        '24fg30',
        '154vna4',
      ],
      outEdges: [
        'fhhczm',
        '17io968',
        '17ig3pf',
        'fmujdo',
        '6e242w',
        '1uad733',
      ],
      title: 'api-GW',
      modelRef: 'marketplace.gateway',
      shape: 'rectangle',
      color: 'primary',
      style: {
        opacity: 15,
        size: 'md',
      },
      description: {
        txt: 'proxi',
      },
      tags: [],
      kind: 'container',
      x: 1139,
      y: 658,
      width: 320,
      height: 180,
      labelBBox: {
        x: 124,
        y: 64,
        width: 73,
        height: 48,
      },
    },
    {
      id: 'marketplace.feed',
      parent: 'marketplace',
      level: 1,
      children: [],
      inEdges: [
        '17io968',
        '1v8eu0b',
      ],
      outEdges: [
        '1sj9riw',
        'xe6gmr',
      ],
      title: 'recomendation service',
      modelRef: 'marketplace.feed',
      shape: 'rectangle',
      color: 'primary',
      style: {
        opacity: 15,
        size: 'md',
      },
      description: {
        txt: 'recomendation service',
      },
      tags: [],
      kind: 'container',
      x: 1139,
      y: 982,
      width: 320,
      height: 180,
      labelBBox: {
        x: 58,
        y: 64,
        width: 205,
        height: 48,
      },
    },
    {
      id: 'marketplace.user',
      parent: 'marketplace',
      level: 1,
      children: [],
      inEdges: [
        '17ig3pf',
      ],
      outEdges: [
        '147bw43',
        'b7nv88',
      ],
      title: 'user service',
      modelRef: 'marketplace.user',
      shape: 'rectangle',
      color: 'primary',
      style: {
        opacity: 15,
        size: 'md',
      },
      description: {
        txt: 'user service',
      },
      tags: [],
      kind: 'container',
      x: 1683,
      y: 982,
      width: 320,
      height: 180,
      labelBBox: {
        x: 106,
        y: 64,
        width: 108,
        height: 48,
      },
    },
    {
      id: 'marketplace.order',
      parent: 'marketplace',
      level: 1,
      children: [],
      inEdges: [
        'fmujdo',
        'gmk65j',
      ],
      outEdges: [
        '2dhtw3',
        'qiiawu',
        '2itibr',
      ],
      title: 'order service',
      modelRef: 'marketplace.order',
      shape: 'rectangle',
      color: 'primary',
      style: {
        opacity: 15,
        size: 'md',
      },
      description: {
        txt: 'order service',
      },
      tags: [],
      kind: 'container',
      x: 1932,
      y: 1972,
      width: 320,
      height: 180,
      labelBBox: {
        x: 101,
        y: 64,
        width: 118,
        height: 48,
      },
    },
    {
      id: 'marketplace.goods',
      parent: 'marketplace',
      level: 1,
      children: [],
      inEdges: [
        'fhhczm',
        '1sj9riw',
      ],
      outEdges: [
        '4fti4z',
        '1nbfe1l',
      ],
      title: 'goods service',
      modelRef: 'marketplace.goods',
      shape: 'rectangle',
      color: 'primary',
      style: {
        opacity: 15,
        size: 'md',
      },
      description: {
        txt: 'catalog',
      },
      tags: [],
      kind: 'container',
      x: 661,
      y: 1306,
      width: 320,
      height: 180,
      labelBBox: {
        x: 98,
        y: 64,
        width: 124,
        height: 48,
      },
    },
    {
      id: 'marketplace.feed_db',
      parent: 'marketplace',
      level: 1,
      children: [],
      inEdges: [
        'xe6gmr',
      ],
      outEdges: [],
      title: 'recomendation db',
      modelRef: 'marketplace.feed_db',
      shape: 'storage',
      color: 'green',
      style: {
        opacity: 15,
        size: 'md',
      },
      description: {
        txt: 'db for recomendation',
      },
      tags: [],
      kind: 'database',
      x: 1091,
      y: 1306,
      width: 320,
      height: 180,
      labelBBox: {
        x: 77,
        y: 64,
        width: 166,
        height: 48,
      },
    },
    {
      id: 'marketplace.user_db',
      parent: 'marketplace',
      level: 1,
      children: [],
      inEdges: [
        '147bw43',
      ],
      outEdges: [],
      title: 'user db',
      modelRef: 'marketplace.user_db',
      shape: 'storage',
      color: 'green',
      style: {
        opacity: 15,
        size: 'md',
      },
      description: {
        txt: 'db for user',
      },
      tags: [],
      kind: 'database',
      x: 1769,
      y: 1306,
      width: 320,
      height: 180,
      labelBBox: {
        x: 122,
        y: 64,
        width: 75,
        height: 48,
      },
    },
    {
      id: 'marketplace.order_db',
      parent: 'marketplace',
      level: 1,
      children: [],
      inEdges: [
        '2dhtw3',
      ],
      outEdges: [],
      title: 'order db',
      modelRef: 'marketplace.order_db',
      shape: 'storage',
      color: 'green',
      style: {
        opacity: 15,
        size: 'md',
      },
      description: {
        txt: 'db for order',
      },
      tags: [],
      kind: 'database',
      x: 1932,
      y: 2296,
      width: 320,
      height: 180,
      labelBBox: {
        x: 119,
        y: 64,
        width: 83,
        height: 48,
      },
    },
    {
      id: 'marketplace.payment',
      parent: 'marketplace',
      level: 1,
      children: [],
      inEdges: [
        '6e242w',
        'qiiawu',
      ],
      outEdges: [
        'wy9503',
        '1l4gqpf',
      ],
      title: 'payment service',
      modelRef: 'marketplace.payment',
      shape: 'rectangle',
      color: 'primary',
      style: {
        opacity: 15,
        size: 'md',
      },
      description: {
        txt: 'payment service',
      },
      tags: [],
      kind: 'container',
      x: 2412,
      y: 2296,
      width: 320,
      height: 180,
      labelBBox: {
        x: 86,
        y: 64,
        width: 149,
        height: 48,
      },
    },
    {
      id: 'marketplace.goods_db',
      parent: 'marketplace',
      level: 1,
      children: [],
      inEdges: [
        '4fti4z',
      ],
      outEdges: [],
      title: 'goods db',
      modelRef: 'marketplace.goods_db',
      shape: 'storage',
      color: 'green',
      style: {
        opacity: 15,
        size: 'md',
      },
      description: {
        txt: 'db for catalog',
      },
      tags: [],
      kind: 'database',
      x: 661,
      y: 1630,
      width: 320,
      height: 180,
      labelBBox: {
        x: 113,
        y: 64,
        width: 94,
        height: 48,
      },
    },
    {
      id: 'marketplace.payment_db',
      parent: 'marketplace',
      level: 1,
      children: [],
      inEdges: [
        'wy9503',
      ],
      outEdges: [],
      title: 'payment db',
      modelRef: 'marketplace.payment_db',
      shape: 'storage',
      color: 'green',
      style: {
        opacity: 15,
        size: 'md',
      },
      description: {
        txt: 'db for payment',
      },
      tags: [],
      kind: 'database',
      x: 2412,
      y: 2620,
      width: 320,
      height: 180,
      labelBBox: {
        x: 105,
        y: 64,
        width: 110,
        height: 48,
      },
    },
    {
      id: 'marketplace.broker',
      parent: 'marketplace',
      level: 1,
      children: [],
      inEdges: [
        '1nbfe1l',
        'b7nv88',
        '2itibr',
        '1l4gqpf',
      ],
      outEdges: [
        '1v8eu0b',
        'gmk65j',
        '3tg9tw',
      ],
      title: 'broker',
      modelRef: 'marketplace.broker',
      shape: 'queue',
      color: 'amber',
      style: {
        opacity: 15,
        size: 'md',
      },
      description: {
        txt: 'broker',
      },
      tags: [],
      kind: 'queue',
      x: 1658,
      y: 1634,
      width: 320,
      height: 172,
      labelBBox: {
        x: 129,
        y: 60,
        width: 62,
        height: 48,
      },
    },
    {
      id: 'marketplace.notification',
      parent: 'marketplace',
      level: 1,
      children: [],
      inEdges: [
        '1uad733',
        '3tg9tw',
      ],
      outEdges: [
        '1ire1ub',
      ],
      title: 'notification service',
      modelRef: 'marketplace.notification',
      shape: 'rectangle',
      color: 'primary',
      style: {
        opacity: 15,
        size: 'md',
      },
      description: {
        txt: 'notification service',
      },
      tags: [],
      kind: 'container',
      x: 400,
      y: 1972,
      width: 320,
      height: 180,
      labelBBox: {
        x: 74,
        y: 64,
        width: 172,
        height: 48,
      },
    },
    {
      id: 'marketplace.notification_db',
      parent: 'marketplace',
      level: 1,
      children: [],
      inEdges: [
        '1ire1ub',
      ],
      outEdges: [],
      title: 'notification db',
      modelRef: 'marketplace.notification_db',
      shape: 'storage',
      color: 'green',
      style: {
        opacity: 15,
        size: 'md',
      },
      description: {
        txt: 'db for notification',
      },
      tags: [],
      kind: 'database',
      x: 400,
      y: 2296,
      width: 320,
      height: 180,
      labelBBox: {
        x: 94,
        y: 64,
        width: 133,
        height: 48,
      },
    },
  ],
  edges: [
    {
      id: 'cptd3g',
      source: 'buyer',
      target: 'marketplace.web_app',
      label: 'HTTP',
      points: [
        [
          1141,
          180,
        ],
        [
          1170,
          225,
        ],
        [
          1206,
          279,
        ],
        [
          1236,
          326,
        ],
      ],
      parent: null,
      relations: [
        '1i1x0nc',
      ],
      color: 'gray',
      line: 'dashed',
      head: 'normal',
      labelBBox: {
        x: 1205,
        y: 226,
        width: 39,
        height: 18,
      },
      controlPoints: [
        {
          x: 1193,
          y: 229,
        },
      ],
    },
    {
      id: '24fg30',
      source: 'admin',
      target: 'marketplace.gateway',
      label: 'HTTP',
      points: [
        [
          320,
          509,
        ],
        [
          324,
          511,
        ],
        [
          329,
          513,
        ],
        [
          333,
          514,
        ],
        [
          604,
          615,
        ],
        [
          933,
          683,
        ],
        [
          1129,
          719,
        ],
      ],
      parent: null,
      relations: [
        'na7noq',
      ],
      color: 'gray',
      line: 'dashed',
      head: 'normal',
      labelBBox: {
        x: 593,
        y: 575,
        width: 39,
        height: 18,
      },
    },
    {
      id: '1nfu73o',
      source: 'seller',
      target: 'marketplace.web_app',
      label: 'HTTP',
      points: [
        [
          1457,
          180,
        ],
        [
          1428,
          225,
        ],
        [
          1392,
          279,
        ],
        [
          1362,
          326,
        ],
      ],
      parent: null,
      relations: [
        'ptsamr',
      ],
      color: 'gray',
      line: 'dashed',
      head: 'normal',
      labelBBox: {
        x: 1425,
        y: 226,
        width: 39,
        height: 18,
      },
      controlPoints: [
        {
          x: 1427,
          y: 229,
        },
      ],
    },
    {
      id: 'fhhczm',
      source: 'marketplace.gateway',
      target: 'marketplace.goods',
      label: 'HTTP',
      points: [
        [
          1186,
          838,
        ],
        [
          1138,
          879,
        ],
        [
          1085,
          930,
        ],
        [
          1044,
          982,
        ],
        [
          967,
          1081,
        ],
        [
          902,
          1210,
        ],
        [
          863,
          1297,
        ],
      ],
      parent: 'marketplace',
      relations: [
        '1g5g6fe',
      ],
      color: 'gray',
      line: 'dashed',
      head: 'normal',
      labelBBox: {
        x: 1045,
        y: 1061,
        width: 39,
        height: 18,
      },
    },
    {
      id: '17io968',
      source: 'marketplace.gateway',
      target: 'marketplace.feed',
      label: 'HTTP',
      points: [
        [
          1299,
          838,
        ],
        [
          1299,
          880,
        ],
        [
          1299,
          929,
        ],
        [
          1299,
          972,
        ],
      ],
      parent: 'marketplace',
      relations: [
        '332pua',
      ],
      color: 'gray',
      line: 'dashed',
      head: 'normal',
      labelBBox: {
        x: 1300,
        y: 899,
        width: 39,
        height: 18,
      },
    },
    {
      id: '17ig3pf',
      source: 'marketplace.gateway',
      target: 'marketplace.user',
      label: 'HTTP',
      points: [
        [
          1449,
          838,
        ],
        [
          1522,
          881,
        ],
        [
          1610,
          933,
        ],
        [
          1684,
          977,
        ],
      ],
      parent: 'marketplace',
      relations: [
        '1z6o5c',
      ],
      color: 'gray',
      line: 'dashed',
      head: 'normal',
      labelBBox: {
        x: 1588,
        y: 899,
        width: 39,
        height: 18,
      },
    },
    {
      id: 'fmujdo',
      source: 'marketplace.gateway',
      target: 'marketplace.order',
      label: 'HTTP',
      points: [
        [
          1459,
          769,
        ],
        [
          1622,
          795,
        ],
        [
          1876,
          854,
        ],
        [
          2058,
          982,
        ],
        [
          2204,
          1086,
        ],
        [
          2242,
          1136,
        ],
        [
          2298,
          1306,
        ],
        [
          2375,
          1539,
        ],
        [
          2241,
          1818,
        ],
        [
          2155,
          1963,
        ],
      ],
      parent: 'marketplace',
      relations: [
        'sh20e4',
      ],
      color: 'gray',
      line: 'dashed',
      head: 'normal',
      labelBBox: {
        x: 2322,
        y: 1385,
        width: 39,
        height: 18,
      },
    },
    {
      id: '6e242w',
      source: 'marketplace.gateway',
      target: 'marketplace.payment',
      label: 'HTTP',
      points: [
        [
          1459,
          753,
        ],
        [
          1649,
          766,
        ],
        [
          1968,
          813,
        ],
        [
          2176,
          982,
        ],
        [
          2552,
          1289,
        ],
        [
          2551,
          1495,
        ],
        [
          2637,
          1972,
        ],
        [
          2651,
          2051,
        ],
        [
          2648,
          2073,
        ],
        [
          2637,
          2152,
        ],
        [
          2631,
          2197,
        ],
        [
          2618,
          2245,
        ],
        [
          2606,
          2286,
        ],
      ],
      parent: 'marketplace',
      relations: [
        'qfxxe1',
      ],
      color: 'gray',
      line: 'dashed',
      head: 'normal',
      labelBBox: {
        x: 2563,
        y: 1547,
        width: 39,
        height: 18,
      },
    },
    {
      id: '1uad733',
      source: 'marketplace.gateway',
      target: 'marketplace.notification',
      label: 'HTTP',
      points: [
        [
          1139,
          781,
        ],
        [
          909,
          831,
        ],
        [
          510,
          937,
        ],
        [
          510,
          1071,
        ],
        [
          510,
          1071,
        ],
        [
          510,
          1071,
        ],
        [
          510,
          1721,
        ],
        [
          510,
          1803,
        ],
        [
          524,
          1895,
        ],
        [
          538,
          1962,
        ],
      ],
      parent: 'marketplace',
      relations: [
        'e58we1',
      ],
      color: 'gray',
      line: 'dashed',
      head: 'normal',
      labelBBox: {
        x: 511,
        y: 1385,
        width: 39,
        height: 18,
      },
    },
    {
      id: '154vna4',
      source: 'marketplace.web_app',
      target: 'marketplace.gateway',
      label: 'HTTP',
      points: [
        [
          1299,
          514,
        ],
        [
          1299,
          556,
        ],
        [
          1299,
          605,
        ],
        [
          1299,
          648,
        ],
      ],
      parent: 'marketplace',
      relations: [
        '18kgjv9',
      ],
      color: 'gray',
      line: 'dashed',
      head: 'normal',
      labelBBox: {
        x: 1313,
        y: 558,
        width: 39,
        height: 18,
      },
      controlPoints: [
        {
          x: 1312,
          y: 565,
        },
      ],
    },
    {
      id: '4fti4z',
      source: 'marketplace.goods',
      target: 'marketplace.goods_db',
      label: 'Read/Write',
      points: [
        [
          821,
          1486,
        ],
        [
          821,
          1527,
        ],
        [
          821,
          1576,
        ],
        [
          821,
          1619,
        ],
      ],
      parent: 'marketplace',
      relations: [
        '11m24c6',
      ],
      color: 'gray',
      line: 'dashed',
      head: 'normal',
      labelBBox: {
        x: 822,
        y: 1547,
        width: 76,
        height: 18,
      },
    },
    {
      id: '1nbfe1l',
      source: 'marketplace.goods',
      target: 'marketplace.broker',
      label: 'ProductTouched',
      points: [
        [
          981,
          1466,
        ],
        [
          999,
          1473,
        ],
        [
          1018,
          1480,
        ],
        [
          1036,
          1486,
        ],
        [
          1244,
          1560,
        ],
        [
          1489,
          1630,
        ],
        [
          1648,
          1674,
        ],
      ],
      parent: 'marketplace',
      relations: [
        '1u4bemq',
      ],
      color: 'amber',
      line: 'dotted',
      head: 'normal',
      kind: 'async',
      labelBBox: {
        x: 1271,
        y: 1547,
        width: 108,
        height: 18,
      },
    },
    {
      id: '1sj9riw',
      source: 'marketplace.feed',
      target: 'marketplace.goods',
      label: 'HTTP',
      points: [
        [
          1167,
          1162,
        ],
        [
          1103,
          1205,
        ],
        [
          1027,
          1257,
        ],
        [
          962,
          1301,
        ],
      ],
      parent: 'marketplace',
      relations: [
        'xf47q7',
      ],
      color: 'gray',
      line: 'dashed',
      head: 'normal',
      labelBBox: {
        x: 1075,
        y: 1223,
        width: 39,
        height: 18,
      },
    },
    {
      id: 'xe6gmr',
      source: 'marketplace.feed',
      target: 'marketplace.feed_db',
      label: 'Read/Write',
      points: [
        [
          1286,
          1162,
        ],
        [
          1280,
          1203,
        ],
        [
          1272,
          1252,
        ],
        [
          1266,
          1295,
        ],
      ],
      parent: 'marketplace',
      relations: [
        '3bsi2f',
      ],
      color: 'gray',
      line: 'dashed',
      head: 'normal',
      labelBBox: {
        x: 1277,
        y: 1223,
        width: 76,
        height: 18,
      },
    },
    {
      id: '1v8eu0b',
      source: 'marketplace.broker',
      target: 'marketplace.feed',
      label: '[...]',
      points: [
        [
          1750,
          1634,
        ],
        [
          1653,
          1514,
        ],
        [
          1478,
          1296,
        ],
        [
          1377,
          1170,
        ],
      ],
      parent: 'marketplace',
      relations: [
        '19wqxwr',
        'bkv3os',
      ],
      color: 'amber',
      line: 'dotted',
      head: 'normal',
      kind: 'async',
      labelBBox: {
        x: 1628,
        y: 1384,
        width: 26,
        height: 18,
      },
    },
    {
      id: '147bw43',
      source: 'marketplace.user',
      target: 'marketplace.user_db',
      label: 'Read/Write',
      points: [
        [
          1867,
          1162,
        ],
        [
          1878,
          1203,
        ],
        [
          1891,
          1253,
        ],
        [
          1902,
          1295,
        ],
      ],
      parent: 'marketplace',
      relations: [
        '10yt37c',
      ],
      color: 'gray',
      line: 'dashed',
      head: 'normal',
      labelBBox: {
        x: 1890,
        y: 1223,
        width: 76,
        height: 18,
      },
    },
    {
      id: 'b7nv88',
      source: 'marketplace.user',
      target: 'marketplace.broker',
      label: 'PersonCreated',
      points: [
        [
          2003,
          1157,
        ],
        [
          2058,
          1194,
        ],
        [
          2114,
          1244,
        ],
        [
          2144,
          1306,
        ],
        [
          2179,
          1378,
        ],
        [
          2181,
          1415,
        ],
        [
          2144,
          1486,
        ],
        [
          2110,
          1552,
        ],
        [
          2048,
          1604,
        ],
        [
          1987,
          1641,
        ],
      ],
      parent: 'marketplace',
      relations: [
        '1v1mu57',
      ],
      color: 'amber',
      line: 'dotted',
      head: 'normal',
      kind: 'async',
      labelBBox: {
        x: 2172,
        y: 1385,
        width: 99,
        height: 18,
      },
    },
    {
      id: '2dhtw3',
      source: 'marketplace.order',
      target: 'marketplace.order_db',
      label: 'Read/Write',
      points: [
        [
          2092,
          2152,
        ],
        [
          2092,
          2193,
        ],
        [
          2092,
          2242,
        ],
        [
          2092,
          2285,
        ],
      ],
      parent: 'marketplace',
      relations: [
        'wc2y6x',
      ],
      color: 'gray',
      line: 'dashed',
      head: 'normal',
      labelBBox: {
        x: 2093,
        y: 2213,
        width: 76,
        height: 18,
      },
    },
    {
      id: 'qiiawu',
      source: 'marketplace.order',
      target: 'marketplace.payment',
      label: 'HTTP',
      points: [
        [
          2224,
          2152,
        ],
        [
          2289,
          2195,
        ],
        [
          2366,
          2247,
        ],
        [
          2431,
          2291,
        ],
      ],
      parent: 'marketplace',
      relations: [
        '1a2ufaw',
      ],
      color: 'gray',
      line: 'dashed',
      head: 'normal',
      labelBBox: {
        x: 2347,
        y: 2213,
        width: 39,
        height: 18,
      },
    },
    {
      id: '2itibr',
      source: 'marketplace.order',
      target: 'marketplace.broker',
      label: '[...]',
      points: [
        [
          2046,
          1973,
        ],
        [
          2027,
          1939,
        ],
        [
          2003,
          1902,
        ],
        [
          1978,
          1870,
        ],
        [
          1962,
          1851,
        ],
        [
          1944,
          1831,
        ],
        [
          1925,
          1813,
        ],
      ],
      parent: 'marketplace',
      relations: [
        '1t4iria',
        'bt5zl9',
      ],
      color: 'amber',
      line: 'dotted',
      head: 'normal',
      kind: 'async',
      labelBBox: {
        x: 2008,
        y: 1879,
        width: 26,
        height: 18,
      },
    },
    {
      id: 'gmk65j',
      source: 'marketplace.broker',
      target: 'marketplace.order',
      label: 'PaymentStatusChanged',
      points: [
        [
          1783,
          1806,
        ],
        [
          1775,
          1841,
        ],
        [
          1773,
          1881,
        ],
        [
          1792,
          1912,
        ],
        [
          1822,
          1960,
        ],
        [
          1872,
          1993,
        ],
        [
          1923,
          2016,
        ],
      ],
      parent: 'marketplace',
      relations: [
        'or5pd1',
      ],
      color: 'amber',
      line: 'dotted',
      head: 'normal',
      kind: 'async',
      labelBBox: {
        x: 1793,
        y: 1880,
        width: 157,
        height: 18,
      },
    },
    {
      id: 'wy9503',
      source: 'marketplace.payment',
      target: 'marketplace.payment_db',
      label: 'Read/Write',
      points: [
        [
          2572,
          2476,
        ],
        [
          2572,
          2517,
        ],
        [
          2572,
          2566,
        ],
        [
          2572,
          2609,
        ],
      ],
      parent: 'marketplace',
      relations: [
        'f2kyt3',
      ],
      color: 'gray',
      line: 'dashed',
      head: 'normal',
      labelBBox: {
        x: 2573,
        y: 2537,
        width: 76,
        height: 18,
      },
    },
    {
      id: '1l4gqpf',
      source: 'marketplace.payment',
      target: 'marketplace.broker',
      label: 'PaymentStatusChanged',
      points: [
        [
          2532,
          2297,
        ],
        [
          2488,
          2206,
        ],
        [
          2409,
          2065,
        ],
        [
          2307,
          1972,
        ],
        [
          2214,
          1888,
        ],
        [
          2089,
          1824,
        ],
        [
          1988,
          1782,
        ],
      ],
      parent: 'marketplace',
      relations: [
        '14bclzr',
      ],
      color: 'amber',
      line: 'dotted',
      head: 'normal',
      kind: 'async',
      labelBBox: {
        x: 2452,
        y: 2051,
        width: 157,
        height: 18,
      },
    },
    {
      id: '1ire1ub',
      source: 'marketplace.notification',
      target: 'marketplace.notification_db',
      label: 'Read/Write',
      points: [
        [
          560,
          2152,
        ],
        [
          560,
          2193,
        ],
        [
          560,
          2242,
        ],
        [
          560,
          2285,
        ],
      ],
      parent: 'marketplace',
      relations: [
        'amo4nq',
      ],
      color: 'gray',
      line: 'dashed',
      head: 'normal',
      labelBBox: {
        x: 561,
        y: 2213,
        width: 76,
        height: 18,
      },
    },
    {
      id: '3tg9tw',
      source: 'marketplace.broker',
      target: 'marketplace.notification',
      label: 'OrderCreated, OrderChanged, \nPaymentStatusChanged',
      points: [
        [
          1658,
          1764,
        ],
        [
          1420,
          1829,
        ],
        [
          974,
          1949,
        ],
        [
          730,
          2015,
        ],
      ],
      parent: 'marketplace',
      relations: [
        '5sytxh',
      ],
      color: 'amber',
      line: 'dotted',
      head: 'normal',
      kind: 'async',
      labelBBox: {
        x: 1265,
        y: 1871,
        width: 195,
        height: 36,
      },
    },
  ],
  _layout: 'manual',
}
